[adaptive 1/1] personal_schedule: PASS (HTTP 200)
[adaptive 1/1] personal_todo: PASS (HTTP 200)
[adaptive 1/1] personal_schedule_tomorrow: FAIL (HTTP 200)
[adaptive 1/1] personal_add_todo: PASS (HTTP 200)
[adaptive 1/1] weighted_score: PASS (HTTP 200)
[adaptive 1/1] weighted_score_variant: PASS (HTTP 200)
[adaptive 1/1] academic_policy: PASS (HTTP 200)
[adaptive 1/1] academic_course_policy: PASS (HTTP 200)
[adaptive 1/1] affairs_card: PASS (HTTP 200)
[adaptive 1/1] affairs_card_fee: PASS (HTTP 200)
[adaptive 1/1] affairs_leave: FAIL (HTTP 200)
[adaptive 1/1] affairs_certificate: PASS (HTTP 200)
[adaptive 1/1] it_network: PASS (HTTP 200)
[adaptive 1/1] it_login: PASS (HTTP 200)
[adaptive 1/1] it_vpn: PASS (HTTP 200)
[adaptive 1/1] campus_shuttle: PASS (HTTP 200)
[adaptive 1/1] campus_shuttle_last: PASS (HTTP 200)
[adaptive 1/1] campus_library: PASS (HTTP 200)
[adaptive 1/1] campus_dining: PASS (HTTP 200)
[adaptive 1/1] campus_weather: PASS (HTTP 200)
[adaptive 1/1] library_followup: PASS (HTTP 200)
[adaptive 1/1] parallel_request: PASS (HTTP 200)
[adaptive 1/1] parallel_network_shuttle: PASS (HTTP 200)
[adaptive 1/1] dependent_dag: PASS (HTTP 200)
[adaptive 1/1] dependent_dag_paraphrase: PASS (HTTP 200)
[adaptive 1/1] dependent_llm_paraphrase: FAIL (HTTP 200)
[adaptive 1/1] guard_injection: PASS (HTTP 403)
[adaptive 1/1] guard_injection_en: PASS (HTTP 403)
